2026-10-06 09:58:29,030 INFO node_candidate_rows = 172 (event candidate 155 + judgment act 17)
2026-10-06 09:58:29,030 INFO dag_node_candidates(A–D) = 111 (ATTRIBUTE_ONLY·REVIEW 제외)
2026-10-06 09:58:29,030 INFO class:MATERIAL_EVENT_NODE = 37 
2026-10-06 09:58:29,030 INFO class:INVESTIGATIVE_EVENT_NODE = 14 
2026-10-06 09:58:29,030 INFO class:SPEECH_OR_JUDGMENT_EVENT_NODE = 43 
2026-10-06 09:58:29,030 INFO class:ORDER_EVENT_NODE = 17 
2026-10-06 09:58:29,030 INFO class:ATTRIBUTE_ONLY = 59 
2026-10-06 09:58:29,030 INFO class:REVIEW_REQUIRED = 2 
2026-10-06 09:58:29,031 INFO edge_candidates = 969 (명시 근거 edge 64, 날짜쌍만 근거 905)
2026-10-06 09:58:29,031 INFO kind:HARD_TEMPORAL = 265 
2026-10-06 09:58:29,031 INFO kind:CONDITIONAL_TEMPORAL = 685 
2026-10-06 09:58:29,031 INFO kind:CONDITIONAL_ON_IDENTITY = 1 
2026-10-06 09:58:29,031 INFO kind:CONDITIONAL_ON_SAME_OCCURRENCE = 0 
2026-10-06 09:58:29,031 INFO kind:EVIDENCE_ONLY = 2 
2026-10-06 09:58:29,031 INFO kind:REVIEW_REQUIRED = 16 
2026-10-06 09:58:29,031 INFO kind:CONDITIONAL(합계) = 686 (CONDITIONAL_TEMPORAL+ON_IDENTITY+ON_SAME)
2026-10-06 09:58:29,031 INFO type:TEMPORAL_BEFORE = 930 
2026-10-06 09:58:29,031 INFO type:TEMPORAL_AFTER = 0 
2026-10-06 09:58:29,031 INFO type:TEMPORAL_DURING = 3 
2026-10-06 09:58:29,031 INFO type:PROCEDURAL_PRECEDES = 29 
2026-10-06 09:58:29,031 INFO type:PROCEDURAL_TRIGGER_IF_EXPLICIT = 7 
2026-10-06 09:58:29,032 INFO basis:ANAPHORIC_REFERENCE = 1 
2026-10-06 09:58:29,032 INFO basis:CLAIMED_DATE_ORDER = 147 
2026-10-06 09:58:29,032 INFO basis:CLAIMED_VS_COURT_DATE_ORDER = 520 
2026-10-06 09:58:29,032 INFO basis:COURT_ENTRY_DATE_ORDER = 238 
2026-10-06 09:58:29,032 INFO basis:COURT_ENTRY_DATE_ORDER+JUDGMENT_REVISION = 2 
2026-10-06 09:58:29,032 INFO basis:COURT_ENTRY_DATE_ORDER+PROCEDURAL_EXPLICIT = 10 
2026-10-06 09:58:29,032 INFO basis:ORDER_EXECUTION_EXPLICIT = 3 
2026-10-06 09:58:29,032 INFO basis:PROCEDURAL_EXPLICIT = 22 
2026-10-06 09:58:29,032 INFO basis:REFERENT_NOT_IN_OWN_SOURCE = 2 
2026-10-06 09:58:29,032 INFO basis:RELATIVE_TIME_TEXT = 9 
2026-10-06 09:58:29,032 INFO basis:REPLY_REFERENCE = 2 
2026-10-06 09:58:29,032 INFO basis:ROLE_LINK_WITHOUT_TIME_WORD = 4 
2026-10-06 09:58:29,032 INFO basis:SAME_DAY_COURT_SEQUENCE = 3 
2026-10-06 09:58:29,032 INFO basis:SERIAL_CONNECTIVE = 6 
2026-10-06 09:58:29,032 INFO court_act_nodes(기사일 anchor) = 26 
2026-10-06 09:58:29,033 INFO claimed_date_nodes = 21 
2026-10-06 09:58:29,033 INFO order_nodes_with_execution_record = 3 (DN_EC0048|DN_EC0049|DN_EC0096)
2026-10-06 09:58:29,033 INFO order_nodes_without_execution(명령 node만) = 14 (DN_EC0021|DN_EC0023|DN_EC0044|DN_EC0045|DN_EC0062|DN_EC0075|DN_EC0082|DN_EC0083|DN_EC0150|DN_EC0151|DN_EC0152|DN_EC0153|DN_EC0154|DN_EC0155)
2026-10-06 09:58:29,033 INFO materialization_rules = 191 (STEP 8행 + 변수별 행)
2026-10-06 09:58:29,033 INFO all_true_template_cycles = 0 (모든 node·조건 참, collapse 없음)
2026-10-06 09:58:29,033 INFO review_atomic_props_without_nodes = AP0002|AP0047|AP0126 (node를 만들지 않음(AP0126 '정소된 뒤'는 상대시간이지만 candidate 없음))
2026-10-06 09:58:29,033 INFO test_world:TW01_KIM_DEATH = VALID/VALID (active nodes 14, world nodes 11, edges 13, collapsed [['DN_EC0003', 'DN_EC0097'], ['DN_EC0007', 'DN_EC0036', 'DN_EC0053']], cycles 0, self-loops 0, flags [])
2026-10-06 09:58:29,033 INFO test_world:TW02_KIM_DEATH_AFTER_FALSE = VALID/VALID (active nodes 14, world nodes 11, edges 11, collapsed [['DN_EC0003', 'DN_EC0097'], ['DN_EC0007', 'DN_EC0036', 'DN_EC0053']], cycles 0, self-loops 0, flags [])
2026-10-06 09:58:29,033 INFO test_world:TW03_SAME_TRANSITIVE = VALID/VALID (active nodes 3, world nodes 1, edges 0, collapsed [['DN_EC0007', 'DN_EC0036', 'DN_EC0053']], cycles 0, self-loops 0, flags [])
2026-10-06 09:58:29,033 INFO test_world:TW04_SAME_TRANSITIVITY_VIOLATED = INVALID/VALID (active nodes 3, world nodes 1, edges 0, collapsed [['DN_EC0007', 'DN_EC0036', 'DN_EC0053']], cycles 0, self-loops 0, flags ['SAME_TRANSITIVITY_VIOLATION:SAME_EC0007_EC0053'])
2026-10-06 09:58:29,033 INFO test_world:TW05_THEFT_TRUE = VALID/VALID (active nodes 19, world nodes 18, edges 111, collapsed [['DN_EC0150', 'DN_EC0151']], cycles 0, self-loops 0, flags [])
2026-10-06 09:58:29,033 INFO test_world:TW06_THEFT_FALSE = VALID/VALID (active nodes 16, world nodes 15, edges 75, collapsed [['DN_EC0150', 'DN_EC0151']], cycles 0, self-loops 0, flags [])
2026-10-06 09:58:29,033 INFO test_world:TW07_JAMIDEOK_ID_TRUE = VALID/VALID (active nodes 23, world nodes 20, edges 12, collapsed [['DN_EC0089', 'DN_EC0104'], ['DN_EC0107', 'DN_EC0119'], ['DN_EC0111', 'DN_EC0120']], cycles 0, self-loops 0, flags [])
2026-10-06 09:58:29,034 INFO test_world:TW08_JAMIDEOK_ID_FALSE = VALID/VALID (active nodes 23, world nodes 22, edges 12, collapsed [['DN_EC0089', 'DN_EC0104']], cycles 0, self-loops 0, flags [])
2026-10-06 09:58:29,034 INFO test_world:TW09_ID_FALSE_SAME_TRUE = INVALID/VALID (active nodes 23, world nodes 21, edges 12, collapsed [['DN_EC0089', 'DN_EC0104'], ['DN_EC0107', 'DN_EC0119']], cycles 0, self-loops 0, flags [])
2026-10-06 09:58:29,034 INFO test_world:TW10_TEMPORAL_ASSIGNMENT_CYCLE = VALID/INVALID (active nodes 14, world nodes 11, edges 13, collapsed [['DN_EC0003', 'DN_EC0097'], ['DN_EC0007', 'DN_EC0036', 'DN_EC0053']], cycles 0, self-loops 0, flags [])
2026-10-06 09:58:29,034 INFO raw_sha256 = UNCHANGED 
2026-10-06 09:58:29,034 INFO validation_error = 0 
2026-10-06 09:58:29,034 INFO validation_warning = 0 
2026-10-06 09:58:29,034 INFO === TW01_KIM_DEATH: logic=VALID temporal=VALID violations=[] flags=[]
2026-10-06 09:58:29,034 INFO   node 체포(김명신)[충청병영]{EC0003,EC0097}
2026-10-06 09:58:29,034 INFO   node 구금(김명신, 병영)[충청병영]{EC0004}
2026-10-06 09:58:29,034 INFO   node 조사(김명신)[충청병영]{EC0005}
2026-10-06 09:58:29,034 INFO   node 사망(김명신)[김명신]{EC0007,EC0036,EC0053}
2026-10-06 09:58:29,034 INFO   node 사망(김명신의 아내)[김명신의 아내]{EC0039}
2026-10-06 09:58:29,034 INFO   node 지시(풍각·흥덕 김생원 체포)[병사 이광섭]{EC0096}
2026-10-06 09:58:29,034 INFO   node 판단 행위(김명신 사인)[홍대협]{J_HONG_17930613_KIM_DEATH}
2026-10-06 09:58:29,035 INFO   node 판단 행위(김명신 사망·장소·책임, 아내 사망)[이조원]{J_IJOWON_17930527_KIM_DEATH}
2026-10-06 09:58:29,035 INFO   node 판단 행위(김명신 부처 사인)[정조]{J_JEONGJO_17930613_KIM_DEATH}
2026-10-06 09:58:29,035 INFO   node 판단 행위(김명신 구금·사망)[이형원]{J_LEEHYEONGWON_17930512_KIM_DEATH}
2026-10-06 09:58:29,035 INFO   node 판단 행위(김명신 사망·사인·시점)[윤노동]{J_YUNNODONG_17930611_KIM_DEATH}
2026-10-06 09:58:29,035 INFO   edge TE0001 구금(김명신, 병영)[충청병영]{EC0004} -TEMPORAL_BEFORE-> 사망(김명신)[김명신]{EC0007,EC0036,EC0053} [CONDITIONAL_TEMPORAL]
2026-10-06 09:58:29,035 INFO   edge TE0002 조사(김명신)[충청병영]{EC0005} -TEMPORAL_BEFORE-> 사망(김명신)[김명신]{EC0007,EC0036,EC0053} [CONDITIONAL_TEMPORAL]
2026-10-06 09:58:29,035 INFO   edge TE0003 사망(김명신)[김명신]{EC0007,EC0036,EC0053} -TEMPORAL_BEFORE-> 사망(김명신의 아내)[김명신의 아내]{EC0039} [CONDITIONAL_TEMPORAL]
2026-10-06 09:58:29,035 INFO   edge TE0010 지시(풍각·흥덕 김생원 체포)[병사 이광섭]{EC0096} -PROCEDURAL_TRIGGER_IF_EXPLICIT-> 체포(김명신)[충청병영]{EC0003,EC0097} [CONDITIONAL_ON_IDENTITY]
2026-10-06 09:58:29,035 INFO   edge TE0036 판단 행위(김명신 사인)[홍대협]{J_HONG_17930613_KIM_DEATH} -PROCEDURAL_PRECEDES-> 판단 행위(김명신 부처 사인)[정조]{J_JEONGJO_17930613_KIM_DEATH} [HARD_TEMPORAL]
2026-10-06 09:58:29,035 INFO   (+ 날짜쌍만 근거인 활성 edge 8개)
2026-10-06 09:58:29,036 INFO === TW02_KIM_DEATH_AFTER_FALSE: logic=VALID temporal=VALID violations=[] flags=[]
2026-10-06 09:58:29,036 INFO   node 체포(김명신)[충청병영]{EC0003,EC0097}
2026-10-06 09:58:29,036 INFO   node 구금(김명신, 병영)[충청병영]{EC0004}
2026-10-06 09:58:29,036 INFO   node 조사(김명신)[충청병영]{EC0005}
2026-10-06 09:58:29,036 INFO   node 사망(김명신)[김명신]{EC0007,EC0036,EC0053}
2026-10-06 09:58:29,036 INFO   node 사망(김명신의 아내)[김명신의 아내]{EC0039}
2026-10-06 09:58:29,036 INFO   node 지시(풍각·흥덕 김생원 체포)[병사 이광섭]{EC0096}
2026-10-06 09:58:29,036 INFO   node 판단 행위(김명신 사인)[홍대협]{J_HONG_17930613_KIM_DEATH}
2026-10-06 09:58:29,036 INFO   node 판단 행위(김명신 사망·장소·책임, 아내 사망)[이조원]{J_IJOWON_17930527_KIM_DEATH}
2026-10-06 09:58:29,036 INFO   node 판단 행위(김명신 부처 사인)[정조]{J_JEONGJO_17930613_KIM_DEATH}
2026-10-06 09:58:29,036 INFO   node 판단 행위(김명신 구금·사망)[이형원]{J_LEEHYEONGWON_17930512_KIM_DEATH}
2026-10-06 09:58:29,036 INFO   node 판단 행위(김명신 사망·사인·시점)[윤노동]{J_YUNNODONG_17930611_KIM_DEATH}
2026-10-06 09:58:29,037 INFO   edge TE0003 사망(김명신)[김명신]{EC0007,EC0036,EC0053} -TEMPORAL_BEFORE-> 사망(김명신의 아내)[김명신의 아내]{EC0039} [CONDITIONAL_TEMPORAL]
2026-10-06 09:58:29,037 INFO   edge TE0010 지시(풍각·흥덕 김생원 체포)[병사 이광섭]{EC0096} -PROCEDURAL_TRIGGER_IF_EXPLICIT-> 체포(김명신)[충청병영]{EC0003,EC0097} [CONDITIONAL_ON_IDENTITY]
2026-10-06 09:58:29,037 INFO   edge TE0036 판단 행위(김명신 사인)[홍대협]{J_HONG_17930613_KIM_DEATH} -PROCEDURAL_PRECEDES-> 판단 행위(김명신 부처 사인)[정조]{J_JEONGJO_17930613_KIM_DEATH} [HARD_TEMPORAL]
2026-10-06 09:58:29,037 INFO   (+ 날짜쌍만 근거인 활성 edge 8개)
2026-10-06 09:58:29,037 INFO === TW05_THEFT_TRUE: logic=VALID temporal=VALID violations=[] flags=[]
2026-10-06 09:58:29,037 INFO   node 명령(구순 의금부 수금·엄사)[정조]{EC0023}
2026-10-06 09:58:29,037 INFO   node 명령(이조원 파직)[정조]{EC0044}
2026-10-06 09:58:29,037 INFO   node 명령(구순 의금부 수금·반복 신문)[정조]{EC0045}
2026-10-06 09:58:29,037 INFO   node 명령(홍대협에게 내려가 조사해 오라)[정조]{EC0048}
2026-10-06 09:58:29,037 INFO   node 명령(홍대협 공주 안핵어사 차하)[정조]{EC0049}
2026-10-06 09:58:29,037 INFO   node 계청(복명 전 처리 보류)[비변사]{EC0061}
2026-10-06 09:58:29,037 INFO   node 윤허(보류)[정조]{EC0062}
2026-10-06 09:58:29,038 INFO   node 안핵 신문(홍대협, 공주목)[홍대협]{EC0063}
2026-10-06 09:58:29,038 INFO   node 알림 발언(나복 → 명업)[나복]{EC0065}
2026-10-06 09:58:29,038 INFO   node 침입(도적)[도적]{EC0066}
2026-10-06 09:58:29,038 INFO   node 자칭 발언(도적: 지세대감)[도적]{EC0069}
2026-10-06 09:58:29,038 INFO   node 도난(돈·물품)[도적]{EC0070}
2026-10-06 09:58:29,038 INFO   node 처분 명령(구순 감사 정배)[정조]{EC0150,EC0151}
2026-10-06 09:58:29,038 INFO   node 판단 행위(구순 집 도난의 실재와 규모)[홍대협]{J_HONG_17930613_THEFT}
2026-10-06 09:58:29,038 INFO   node 판단 행위(구순 집 도난의 실재)[이조원]{J_IJOWON_17930527_THEFT}
2026-10-06 09:58:29,038 INFO   node 판단 행위(이형원 장계·조사 결과(도난 조작 방향) 수용)[정조]{J_JEONGJO_17930512_THEFT}
2026-10-06 09:58:29,038 INFO   node 판단 행위(구순 집 도난의 실재)[정조]{J_JEONGJO_17930613_THEFT}
2026-10-06 09:58:29,038 INFO   node 판단 행위(구순 집 도난 조사 결과(장계))[이형원]{J_LEEHYEONGWON_17930512_THEFT}
2026-10-06 09:58:29,038 INFO   edge TE0015 명령(홍대협에게 내려가 조사해 오라)[정조]{EC0048} -PROCEDURAL_TRIGGER_IF_EXPLICIT-> 안핵 신문(홍대협, 공주목)[홍대협]{EC0063} [CONDITIONAL_TEMPORAL]
2026-10-06 09:58:29,039 INFO   edge TE0016 명령(홍대협 공주 안핵어사 차하)[정조]{EC0049} -PROCEDURAL_TRIGGER_IF_EXPLICIT-> 안핵 신문(홍대협, 공주목)[홍대협]{EC0063} [CONDITIONAL_TEMPORAL]
2026-10-06 09:58:29,039 INFO   edge TE0017 안핵 신문(홍대협, 공주목)[홍대협]{EC0063} -PROCEDURAL_PRECEDES-> 판단 행위(구순 집 도난의 실재와 규모)[홍대협]{J_HONG_17930613_THEFT} [CONDITIONAL_TEMPORAL]
2026-10-06 09:58:29,039 INFO   edge TE0020 판단 행위(구순 집 도난 조사 결과(장계))[이형원]{J_LEEHYEONGWON_17930512_THEFT} -PROCEDURAL_PRECEDES-> 판단 행위(이형원 장계·조사 결과(도난 조작 방향) 수용)[정조]{J_JEONGJO_17930512_THEFT} [HARD_TEMPORAL]
2026-10-06 09:58:29,039 INFO   edge TE0025 계청(복명 전 처리 보류)[비변사]{EC0061} -PROCEDURAL_PRECEDES-> 윤허(보류)[정조]{EC0062} [HARD_TEMPORAL]
2026-10-06 09:58:29,039 INFO   edge TE0026 계청(복명 전 처리 보류)[비변사]{EC0061} -TEMPORAL_BEFORE-> 판단 행위(구순 집 도난의 실재와 규모)[홍대협]{J_HONG_17930613_THEFT} [HARD_TEMPORAL]
2026-10-06 09:58:29,039 INFO   edge TE0027 명령(홍대협에게 내려가 조사해 오라)[정조]{EC0048} -PROCEDURAL_PRECEDES-> 판단 행위(구순 집 도난의 실재와 규모)[홍대협]{J_HONG_17930613_THEFT} [HARD_TEMPORAL]
2026-10-06 09:58:29,039 INFO   edge TE0028 명령(홍대협 공주 안핵어사 차하)[정조]{EC0049} -PROCEDURAL_PRECEDES-> 판단 행위(구순 집 도난의 실재와 규모)[홍대협]{J_HONG_17930613_THEFT} [HARD_TEMPORAL]
2026-10-06 09:58:29,039 INFO   edge TE0029 판단 행위(구순 집 도난의 실재와 규모)[홍대협]{J_HONG_17930613_THEFT} -PROCEDURAL_PRECEDES-> 판단 행위(구순 집 도난의 실재)[정조]{J_JEONGJO_17930613_THEFT} [HARD_TEMPORAL]
2026-10-06 09:58:29,039 INFO   edge TE0044 판단 행위(이형원 장계·조사 결과(도난 조작 방향) 수용)[정조]{J_JEONGJO_17930512_THEFT} -PROCEDURAL_PRECEDES-> 판단 행위(구순 집 도난의 실재)[정조]{J_JEONGJO_17930613_THEFT} [HARD_TEMPORAL]
2026-10-06 09:58:29,039 INFO   (+ 날짜쌍만 근거인 활성 edge 101개)
2026-10-06 09:58:29,039 INFO === TW06_THEFT_FALSE: logic=VALID temporal=VALID violations=[] flags=[]
2026-10-06 09:58:29,039 INFO   node 명령(구순 의금부 수금·엄사)[정조]{EC0023}
2026-10-06 09:58:29,039 INFO   node 명령(이조원 파직)[정조]{EC0044}
2026-10-06 09:58:29,040 INFO   node 명령(구순 의금부 수금·반복 신문)[정조]{EC0045}
2026-10-06 09:58:29,040 INFO   node 명령(홍대협에게 내려가 조사해 오라)[정조]{EC0048}
2026-10-06 09:58:29,040 INFO   node 명령(홍대협 공주 안핵어사 차하)[정조]{EC0049}
2026-10-06 09:58:29,040 INFO   node 계청(복명 전 처리 보류)[비변사]{EC0061}
2026-10-06 09:58:29,040 INFO   node 윤허(보류)[정조]{EC0062}
2026-10-06 09:58:29,040 INFO   node 안핵 신문(홍대협, 공주목)[홍대협]{EC0063}
2026-10-06 09:58:29,040 INFO   node 알림 발언(나복 → 명업)[나복]{EC0065}
2026-10-06 09:58:29,040 INFO   node 처분 명령(구순 감사 정배)[정조]{EC0150,EC0151}
2026-10-06 09:58:29,040 INFO   node 판단 행위(구순 집 도난의 실재와 규모)[홍대협]{J_HONG_17930613_THEFT}
2026-10-06 09:58:29,040 INFO   node 판단 행위(구순 집 도난의 실재)[이조원]{J_IJOWON_17930527_THEFT}
2026-10-06 09:58:29,040 INFO   node 판단 행위(이형원 장계·조사 결과(도난 조작 방향) 수용)[정조]{J_JEONGJO_17930512_THEFT}
2026-10-06 09:58:29,040 INFO   node 판단 행위(구순 집 도난의 실재)[정조]{J_JEONGJO_17930613_THEFT}
2026-10-06 09:58:29,040 INFO   node 판단 행위(구순 집 도난 조사 결과(장계))[이형원]{J_LEEHYEONGWON_17930512_THEFT}
2026-10-06 09:58:29,041 INFO   edge TE0015 명령(홍대협에게 내려가 조사해 오라)[정조]{EC0048} -PROCEDURAL_TRIGGER_IF_EXPLICIT-> 안핵 신문(홍대협, 공주목)[홍대협]{EC0063} [CONDITIONAL_TEMPORAL]
2026-10-06 09:58:29,041 INFO   edge TE0016 명령(홍대협 공주 안핵어사 차하)[정조]{EC0049} -PROCEDURAL_TRIGGER_IF_EXPLICIT-> 안핵 신문(홍대협, 공주목)[홍대협]{EC0063} [CONDITIONAL_TEMPORAL]
2026-10-06 09:58:29,041 INFO   edge TE0017 안핵 신문(홍대협, 공주목)[홍대협]{EC0063} -PROCEDURAL_PRECEDES-> 판단 행위(구순 집 도난의 실재와 규모)[홍대협]{J_HONG_17930613_THEFT} [CONDITIONAL_TEMPORAL]
2026-10-06 09:58:29,041 INFO   edge TE0020 판단 행위(구순 집 도난 조사 결과(장계))[이형원]{J_LEEHYEONGWON_17930512_THEFT} -PROCEDURAL_PRECEDES-> 판단 행위(이형원 장계·조사 결과(도난 조작 방향) 수용)[정조]{J_JEONGJO_17930512_THEFT} [HARD_TEMPORAL]
2026-10-06 09:58:29,041 INFO   edge TE0025 계청(복명 전 처리 보류)[비변사]{EC0061} -PROCEDURAL_PRECEDES-> 윤허(보류)[정조]{EC0062} [HARD_TEMPORAL]
2026-10-06 09:58:29,041 INFO   edge TE0026 계청(복명 전 처리 보류)[비변사]{EC0061} -TEMPORAL_BEFORE-> 판단 행위(구순 집 도난의 실재와 규모)[홍대협]{J_HONG_17930613_THEFT} [HARD_TEMPORAL]
2026-10-06 09:58:29,041 INFO   edge TE0027 명령(홍대협에게 내려가 조사해 오라)[정조]{EC0048} -PROCEDURAL_PRECEDES-> 판단 행위(구순 집 도난의 실재와 규모)[홍대협]{J_HONG_17930613_THEFT} [HARD_TEMPORAL]
2026-10-06 09:58:29,041 INFO   edge TE0028 명령(홍대협 공주 안핵어사 차하)[정조]{EC0049} -PROCEDURAL_PRECEDES-> 판단 행위(구순 집 도난의 실재와 규모)[홍대협]{J_HONG_17930613_THEFT} [HARD_TEMPORAL]
2026-10-06 09:58:29,041 INFO   edge TE0029 판단 행위(구순 집 도난의 실재와 규모)[홍대협]{J_HONG_17930613_THEFT} -PROCEDURAL_PRECEDES-> 판단 행위(구순 집 도난의 실재)[정조]{J_JEONGJO_17930613_THEFT} [HARD_TEMPORAL]
2026-10-06 09:58:29,041 INFO   edge TE0044 판단 행위(이형원 장계·조사 결과(도난 조작 방향) 수용)[정조]{J_JEONGJO_17930512_THEFT} -PROCEDURAL_PRECEDES-> 판단 행위(구순 집 도난의 실재)[정조]{J_JEONGJO_17930613_THEFT} [HARD_TEMPORAL]
2026-10-06 09:58:29,042 INFO   (+ 날짜쌍만 근거인 활성 edge 65개)
2026-10-06 09:58:29,042 INFO === TW07_JAMIDEOK_ID_TRUE: logic=VALID temporal=VALID violations=[] flags=[]
2026-10-06 09:58:29,042 INFO   node 호출(병영 → 이진욱)[병영]{EC0081}
2026-10-06 09:58:29,042 INFO   node 지시(덕평으로 출동)[한재욱]{EC0082}
2026-10-06 09:58:29,042 INFO   node 지시(변지돌·정원돌 체포)[한재욱]{EC0083}
2026-10-06 09:58:29,042 INFO   node 체포(자미덕)[이진욱 등 장교]{EC0089,EC0104}
2026-10-06 09:58:29,042 INFO   node 체류 상태(재돌 아산)[재돌]{EC0103}
2026-10-06 09:58:29,042 INFO   node 신문(자미덕)[병영]{EC0105}
2026-10-06 09:58:29,042 INFO   node 구류(자미덕, 다모방)[자미덕]{EC0106}
2026-10-06 09:58:29,042 INFO   node 호출 접촉(한 비장 → 자미덕, 매일)[한재욱]{EC0107,EC0119}
2026-10-06 09:58:29,042 INFO   node 발언(남편 재돌 체포 고지)[한재욱]{EC0108}
2026-10-06 09:58:29,042 INFO   node 회유 발화(조건부 석방 제안)[한재욱]{EC0109}
2026-10-06 09:58:29,042 INFO   node 음식 제공(한 비장 → 자미덕)[한재욱]{EC0111,EC0120}
2026-10-06 09:58:29,043 INFO   node 대질(자미덕 ↔ 이집거)[자미덕·이집거]{EC0112}
2026-10-06 09:58:29,043 INFO   node 거짓 진술(대질 중, 자미덕)[자미덕]{EC0113}
2026-10-06 09:58:29,043 INFO   node 지휘(한 비장 → 자미덕 거짓 발언)[한재욱]{EC0114}
2026-10-06 09:58:29,043 INFO   node 권고 발언(유제희: 자미덕에게 다시 물어보라)[유제희]{EC0122}
2026-10-06 09:58:29,043 INFO   node 재질문(한재욱 → 자미덕)[한재욱]{EC0123}
2026-10-06 09:58:29,043 INFO   node 응답 발언(자미덕: 모른다)[자미덕]{EC0125}
2026-10-06 09:58:29,043 INFO   node 처분 명령(한가 형장 후 노비)[정조]{EC0153}
2026-10-06 09:58:29,043 INFO   node 판단 행위(자미덕 사주 여부·구순과의 관계)[한재욱]{J_HANJAEUK_17930613_COACHING}
2026-10-06 09:58:29,043 INFO   node 판단 행위(한 비장의 회유·지휘)[자미덕]{J_JAMIDEOK_17930613_COACHING}
2026-10-06 09:58:29,043 INFO   edge TE0005 체류 상태(재돌 아산)[재돌]{EC0103} -TEMPORAL_BEFORE-> 체포(자미덕)[이진욱 등 장교]{EC0089,EC0104} [CONDITIONAL_TEMPORAL]
2026-10-06 09:58:29,043 INFO   edge TE0006 신문(자미덕)[병영]{EC0105} -TEMPORAL_BEFORE-> 구류(자미덕, 다모방)[자미덕]{EC0106} [CONDITIONAL_TEMPORAL]
2026-10-06 09:58:29,043 INFO   edge TE0007 구류(자미덕, 다모방)[자미덕]{EC0106} -TEMPORAL_BEFORE-> 호출 접촉(한 비장 → 자미덕, 매일)[한재욱]{EC0107,EC0119} [CONDITIONAL_TEMPORAL]
2026-10-06 09:58:29,043 INFO   edge TE0009 거짓 진술(대질 중, 자미덕)[자미덕]{EC0113} -TEMPORAL_DURING-> 대질(자미덕 ↔ 이집거)[자미덕·이집거]{EC0112} [CONDITIONAL_TEMPORAL]
2026-10-06 09:58:29,043 INFO   edge TE0012 권고 발언(유제희: 자미덕에게 다시 물어보라)[유제희]{EC0122} -PROCEDURAL_TRIGGER_IF_EXPLICIT-> 재질문(한재욱 → 자미덕)[한재욱]{EC0123} [CONDITIONAL_TEMPORAL]
2026-10-06 09:58:29,044 INFO   (+ 날짜쌍만 근거인 활성 edge 7개)
2026-10-06 09:58:29,044 INFO === TW08_JAMIDEOK_ID_FALSE: logic=VALID temporal=VALID violations=[] flags=[]
2026-10-06 09:58:29,044 INFO   node 호출(병영 → 이진욱)[병영]{EC0081}
2026-10-06 09:58:29,044 INFO   node 지시(덕평으로 출동)[한재욱]{EC0082}
2026-10-06 09:58:29,044 INFO   node 지시(변지돌·정원돌 체포)[한재욱]{EC0083}
2026-10-06 09:58:29,044 INFO   node 체포(자미덕)[이진욱 등 장교]{EC0089,EC0104}
2026-10-06 09:58:29,044 INFO   node 체류 상태(재돌 아산)[재돌]{EC0103}
2026-10-06 09:58:29,044 INFO   node 신문(자미덕)[병영]{EC0105}
2026-10-06 09:58:29,044 INFO   node 구류(자미덕, 다모방)[자미덕]{EC0106}
2026-10-06 09:58:29,044 INFO   node 호출 접촉(한 비장 → 자미덕, 매일)[한 비장]{EC0107}
2026-10-06 09:58:29,044 INFO   node 발언(남편 재돌 체포 고지)[한 비장]{EC0108}
2026-10-06 09:58:29,044 INFO   node 회유 발화(조건부 석방 제안)[한 비장]{EC0109}
2026-10-06 09:58:29,044 INFO   node 음식 제공(한 비장 → 자미덕)[한 비장]{EC0111}
2026-10-06 09:58:29,045 INFO   node 대질(자미덕 ↔ 이집거)[자미덕·이집거]{EC0112}
2026-10-06 09:58:29,045 INFO   node 거짓 진술(대질 중, 자미덕)[자미덕]{EC0113}
2026-10-06 09:58:29,045 INFO   node 지휘(한 비장 → 자미덕 거짓 발언)[한 비장]{EC0114}
2026-10-06 09:58:29,045 INFO   node 호출 접촉(한재욱 → 자미덕)[한재욱]{EC0119}
2026-10-06 09:58:29,045 INFO   node 음식 제공(한재욱 → 자미덕)[한재욱]{EC0120}
2026-10-06 09:58:29,045 INFO   node 권고 발언(유제희: 자미덕에게 다시 물어보라)[유제희]{EC0122}
2026-10-06 09:58:29,045 INFO   node 재질문(한재욱 → 자미덕)[한재욱]{EC0123}
2026-10-06 09:58:29,045 INFO   node 응답 발언(자미덕: 모른다)[자미덕]{EC0125}
2026-10-06 09:58:29,045 INFO   node 처분 명령(한가 형장 후 노비)[정조]{EC0153}
2026-10-06 09:58:29,045 INFO   node 판단 행위(자미덕 사주 여부·구순과의 관계)[한재욱]{J_HANJAEUK_17930613_COACHING}
2026-10-06 09:58:29,045 INFO   node 판단 행위(한 비장의 회유·지휘)[자미덕]{J_JAMIDEOK_17930613_COACHING}
2026-10-06 09:58:29,045 INFO   edge TE0005 체류 상태(재돌 아산)[재돌]{EC0103} -TEMPORAL_BEFORE-> 체포(자미덕)[이진욱 등 장교]{EC0089,EC0104} [CONDITIONAL_TEMPORAL]
2026-10-06 09:58:29,045 INFO   edge TE0006 신문(자미덕)[병영]{EC0105} -TEMPORAL_BEFORE-> 구류(자미덕, 다모방)[자미덕]{EC0106} [CONDITIONAL_TEMPORAL]
2026-10-06 09:58:29,046 INFO   edge TE0007 구류(자미덕, 다모방)[자미덕]{EC0106} -TEMPORAL_BEFORE-> 호출 접촉(한 비장 → 자미덕, 매일)[한 비장]{EC0107} [CONDITIONAL_TEMPORAL]
2026-10-06 09:58:29,046 INFO   edge TE0009 거짓 진술(대질 중, 자미덕)[자미덕]{EC0113} -TEMPORAL_DURING-> 대질(자미덕 ↔ 이집거)[자미덕·이집거]{EC0112} [CONDITIONAL_TEMPORAL]
2026-10-06 09:58:29,046 INFO   edge TE0012 권고 발언(유제희: 자미덕에게 다시 물어보라)[유제희]{EC0122} -PROCEDURAL_TRIGGER_IF_EXPLICIT-> 재질문(한재욱 → 자미덕)[한재욱]{EC0123} [CONDITIONAL_TEMPORAL]
2026-10-06 09:58:29,046 INFO   (+ 날짜쌍만 근거인 활성 edge 7개)
2026-10-06 09:58:29,046 INFO === TW09_ID_FALSE_SAME_TRUE: logic=INVALID temporal=VALID violations=['RC0271'] flags=[]
2026-10-06 09:58:29,046 INFO   node 호출(병영 → 이진욱)[병영]{EC0081}
2026-10-06 09:58:29,046 INFO   node 지시(덕평으로 출동)[한재욱]{EC0082}
2026-10-06 09:58:29,046 INFO   node 지시(변지돌·정원돌 체포)[한재욱]{EC0083}
2026-10-06 09:58:29,046 INFO   node 체포(자미덕)[이진욱 등 장교]{EC0089,EC0104}
2026-10-06 09:58:29,046 INFO   node 체류 상태(재돌 아산)[재돌]{EC0103}
2026-10-06 09:58:29,046 INFO   node 신문(자미덕)[병영]{EC0105}
2026-10-06 09:58:29,046 INFO   node 구류(자미덕, 다모방)[자미덕]{EC0106}
2026-10-06 09:58:29,046 INFO   node 호출 접촉(한 비장 → 자미덕, 매일)[한 비장]{EC0107,EC0119}
2026-10-06 09:58:29,046 INFO   node 발언(남편 재돌 체포 고지)[한 비장]{EC0108}
2026-10-06 09:58:29,046 INFO   node 회유 발화(조건부 석방 제안)[한 비장]{EC0109}
2026-10-06 09:58:29,047 INFO   node 음식 제공(한 비장 → 자미덕)[한 비장]{EC0111}
2026-10-06 09:58:29,047 INFO   node 대질(자미덕 ↔ 이집거)[자미덕·이집거]{EC0112}
2026-10-06 09:58:29,047 INFO   node 거짓 진술(대질 중, 자미덕)[자미덕]{EC0113}
2026-10-06 09:58:29,047 INFO   node 지휘(한 비장 → 자미덕 거짓 발언)[한 비장]{EC0114}
2026-10-06 09:58:29,047 INFO   node 음식 제공(한재욱 → 자미덕)[한재욱]{EC0120}
2026-10-06 09:58:29,047 INFO   node 권고 발언(유제희: 자미덕에게 다시 물어보라)[유제희]{EC0122}
2026-10-06 09:58:29,047 INFO   node 재질문(한재욱 → 자미덕)[한재욱]{EC0123}
2026-10-06 09:58:29,047 INFO   node 응답 발언(자미덕: 모른다)[자미덕]{EC0125}
2026-10-06 09:58:29,047 INFO   node 처분 명령(한가 형장 후 노비)[정조]{EC0153}
2026-10-06 09:58:29,047 INFO   node 판단 행위(자미덕 사주 여부·구순과의 관계)[한재욱]{J_HANJAEUK_17930613_COACHING}
2026-10-06 09:58:29,047 INFO   node 판단 행위(한 비장의 회유·지휘)[자미덕]{J_JAMIDEOK_17930613_COACHING}
2026-10-06 09:58:29,047 INFO   edge TE0005 체류 상태(재돌 아산)[재돌]{EC0103} -TEMPORAL_BEFORE-> 체포(자미덕)[이진욱 등 장교]{EC0089,EC0104} [CONDITIONAL_TEMPORAL]
2026-10-06 09:58:29,048 INFO   edge TE0006 신문(자미덕)[병영]{EC0105} -TEMPORAL_BEFORE-> 구류(자미덕, 다모방)[자미덕]{EC0106} [CONDITIONAL_TEMPORAL]
2026-10-06 09:58:29,048 INFO   edge TE0007 구류(자미덕, 다모방)[자미덕]{EC0106} -TEMPORAL_BEFORE-> 호출 접촉(한 비장 → 자미덕, 매일)[한 비장]{EC0107,EC0119} [CONDITIONAL_TEMPORAL]
2026-10-06 09:58:29,048 INFO   edge TE0009 거짓 진술(대질 중, 자미덕)[자미덕]{EC0113} -TEMPORAL_DURING-> 대질(자미덕 ↔ 이집거)[자미덕·이집거]{EC0112} [CONDITIONAL_TEMPORAL]
2026-10-06 09:58:29,048 INFO   edge TE0012 권고 발언(유제희: 자미덕에게 다시 물어보라)[유제희]{EC0122} -PROCEDURAL_TRIGGER_IF_EXPLICIT-> 재질문(한재욱 → 자미덕)[한재욱]{EC0123} [CONDITIONAL_TEMPORAL]
2026-10-06 09:58:29,048 INFO   (+ 날짜쌍만 근거인 활성 edge 7개)
2026-10-06 09:58:29,048 INFO === TW10_TEMPORAL_ASSIGNMENT_CYCLE: logic=VALID temporal=INVALID violations=[] flags=[]
2026-10-06 09:58:29,048 INFO   node 체포(김명신)[충청병영]{EC0003,EC0097}
2026-10-06 09:58:29,048 INFO   node 구금(김명신, 병영)[충청병영]{EC0004}
2026-10-06 09:58:29,048 INFO   node 조사(김명신)[충청병영]{EC0005}
2026-10-06 09:58:29,048 INFO   node 사망(김명신)[김명신]{EC0007,EC0036,EC0053}
2026-10-06 09:58:29,048 INFO   node 사망(김명신의 아내)[김명신의 아내]{EC0039}
2026-10-06 09:58:29,048 INFO   node 지시(풍각·흥덕 김생원 체포)[병사 이광섭]{EC0096}
2026-10-06 09:58:29,048 INFO   node 판단 행위(김명신 사인)[홍대협]{J_HONG_17930613_KIM_DEATH}
2026-10-06 09:58:29,049 INFO   node 판단 행위(김명신 사망·장소·책임, 아내 사망)[이조원]{J_IJOWON_17930527_KIM_DEATH}
2026-10-06 09:58:29,049 INFO   node 판단 행위(김명신 부처 사인)[정조]{J_JEONGJO_17930613_KIM_DEATH}
2026-10-06 09:58:29,049 INFO   node 판단 행위(김명신 구금·사망)[이형원]{J_LEEHYEONGWON_17930512_KIM_DEATH}
2026-10-06 09:58:29,049 INFO   node 판단 행위(김명신 사망·사인·시점)[윤노동]{J_YUNNODONG_17930611_KIM_DEATH}
2026-10-06 09:58:29,049 INFO   edge TE0001 구금(김명신, 병영)[충청병영]{EC0004} -TEMPORAL_BEFORE-> 사망(김명신)[김명신]{EC0007,EC0036,EC0053} [CONDITIONAL_TEMPORAL]
2026-10-06 09:58:29,049 INFO   edge TE0002 조사(김명신)[충청병영]{EC0005} -TEMPORAL_BEFORE-> 사망(김명신)[김명신]{EC0007,EC0036,EC0053} [CONDITIONAL_TEMPORAL]
2026-10-06 09:58:29,049 INFO   edge TE0003 사망(김명신)[김명신]{EC0007,EC0036,EC0053} -TEMPORAL_BEFORE-> 사망(김명신의 아내)[김명신의 아내]{EC0039} [CONDITIONAL_TEMPORAL]
2026-10-06 09:58:29,049 INFO   edge TE0010 지시(풍각·흥덕 김생원 체포)[병사 이광섭]{EC0096} -PROCEDURAL_TRIGGER_IF_EXPLICIT-> 체포(김명신)[충청병영]{EC0003,EC0097} [CONDITIONAL_ON_IDENTITY]
2026-10-06 09:58:29,049 INFO   edge TE0036 판단 행위(김명신 사인)[홍대협]{J_HONG_17930613_KIM_DEATH} -PROCEDURAL_PRECEDES-> 판단 행위(김명신 부처 사인)[정조]{J_JEONGJO_17930613_KIM_DEATH} [HARD_TEMPORAL]
2026-10-06 09:58:29,049 INFO   (+ 날짜쌍만 근거인 활성 edge 8개)
2026-10-06 09:58:29,049 INFO   cycles=[] assignment_conflicts=['TE0001:DN_EC0004->DN_EC0007']
2026-10-06 09:58:29,049 INFO validation: ERROR=0 WARNING=0
