2026-10-06 00:17:38,077 INFO Raw CSV SHA-256 match recorded values (4 files)
2026-10-06 00:17:38,109 INFO Audited 117 / 117 propositions
2026-10-06 00:17:38,110 INFO ATOMIC: 43
2026-10-06 00:17:38,110 INFO COMPOUND: 42
2026-10-06 00:17:38,110 INFO NESTED_CLAIM: 19
2026-10-06 00:17:38,110 INFO COMPOUND_AND_NESTED: 11
2026-10-06 00:17:38,110 INFO AMBIGUOUS: 2
2026-10-06 00:17:38,110 INFO split_recommended: {'NO': 62, 'YES': 33, 'OPTIONAL': 20, 'REVIEW': 2}
2026-10-06 00:17:38,110 INFO manual_review_required=YES: 15
2026-10-06 00:17:38,110 INFO open-set audit rows: 16 (set_status changes recommended: 10)
2026-10-06 00:17:38,110 INFO Set comparison: [A=P0081 vs B=P0087, 이름 문자열 기준 비교일 뿐 인물 동일성·관계를 만들지 않음] 교집합=김성손·김흥득·정원돌; A에만=김갑득·이집거; B에만=김명신·김흥길·변재돌·변지돌. 두 집합 모두 '등'으로 열려 있으므로 '한쪽에만 명시'는 다른 쪽 비구성원을 뜻하지 않음.
2026-10-06 00:17:38,111 INFO Top 15 split candidates:
2026-10-06 00:17:38,111 INFO    1. P0040 [COMPOUND, claims=3] (a) 김명신 사망 (b) 사인=병 (c) 사망 시점이 체포·구금 이후
2026-10-06 00:17:38,111 INFO    2. P0025 [COMPOUND, claims=4] (a) 김명신 사망 (b) 사망 장소=병영 옥 (c) 사망이 구순이 구성한 죄안 때문 (d) 원통한(부당한) 죽음이라는 평가
2026-10-06 00:17:38,111 INFO    3. P0049 [COMPOUND_AND_NESTED, claims=5] embedded 층에서 (a) 도적 30여 명 (b) 횃불 지참 (c) 침입 (d) '지세대감' 자칭 (e) 돈·물품 절도 를 분리; 명업 진술(outer)·나복 발언(embedded)·object-level 층 구분 유지
2026-10-06 00:17:38,111 INFO    4. P0081 [COMPOUND_AND_NESTED, claims=2] (a) 조건/유도: 자미덕이 정원돌·이집거·김갑득·김성손·김흥득 등을 큰 도적이라고 말할 것 [대상 명단은 하나의 OPEN_SET_EXPLICIT_MEMBERS로 유지] (b) 대가: 자미덕과 남편을 다음 날 석방하겠다는 약속; 두 부분이 하나의 조건문 발화였다는 연결은 보존
2026-10-06 00:17:38,111 INFO    5. P0084 [COMPOUND, claims=3] (a) 대질에서 자미덕이 발언함 (b) 그 발언이 거짓으로 꾸며진 것 (c) 한 비장의 지휘에 따른 것
2026-10-06 00:17:38,111 INFO    6. P0043 [COMPOUND_AND_NESTED, claims=3] (a) 한재욱이 변가의 처를 꾀어냄 (b) 변가의 처가 '김명신=도적 괴수' 취지로 공초함[embedded] (c) (b)가 (a)의 결과
2026-10-06 00:17:38,111 INFO    7. P0004 [COMPOUND, claims=3] (a) 병영이 김명신을 체포 (b) 달포 이상 구금 (c) 조사·신문 실시
2026-10-06 00:17:38,111 INFO    8. P0107 [COMPOUND, claims=2] (a) 곤장을 맞지 않음 (b) 평범한 신문도 받지 않음
2026-10-06 00:17:38,111 INFO    9. P0106 [COMPOUND, claims=2] (a) 김명신 사인=전염병 (b) 김명신 아내 사인=전염병
2026-10-06 00:17:38,111 INFO   10. P0055 [COMPOUND_AND_NESTED, claims=4] (a) 처음 공초에서 사실대로 말함 (b) 위협을 받음/두려워함 (c) '도적이 없었다'는 취지로 진술을 바꿈 (d) 변경 원인=위협
2026-10-06 00:17:38,111 INFO   11. P0039 [COMPOUND_AND_NESTED, claims=3] (a) 구순이 도적을 만났다고 말함[embedded] (b) 구순이 영교를 부름 (c) 구순이 김명신 등의 이름을 써 줌
2026-10-06 00:17:38,111 INFO   12. P0062 [COMPOUND, claims=3] (a) 장교들이 자미덕을 체포 (b) 자미덕만 잡음(다른 대상 미체포) (c) 자미덕=재돌의 처, 재돌=변지돌의 아우
2026-10-06 00:17:38,111 INFO   13. P0090 [COMPOUND_AND_NESTED, claims=2] (a) 유제희가 '석단 공초에서 김명신=도적 괴수'라고 전함[2차 embedded] (b) 유제희가 자미덕에게 다시 물어보라고 권함
2026-10-06 00:17:38,111 INFO   14. P0101 [COMPOUND, claims=5] (a) 구순이 과장함 (b) 아전이 거짓 보고함 (c) 이광섭이 그것을 믿음 (d) 장물 없음 (e) 이광섭이 큰 도적으로 판단
2026-10-06 00:17:38,111 INFO   15. P0022 [COMPOUND, claims=2] (a) 구순이 '지세랑'이라는 말을 만들어냄 (b) 구순이 그 말을 퍼뜨림
