2026-10-06 11:33:03,506 INFO edges=969 PRIMITIVE=951 DERIVED_TRANSITIVE=0 REVIEW_REQUIRED=18
2026-10-06 11:33:03,507 INFO PRIMITIVE: HARD=265 CONDITIONAL=686 (CTEMP=685 CID=1)
2026-10-06 11:33:03,507 INFO date-only edges=905 removed(DERIVED)=0 kept=905; explicit edges kept=46
2026-10-06 11:33:03,507 INFO date-only primitive reasons: {'NO_ALTERNATIVE_PATH': 128, 'PATH_EDGE_CONDITION_NOT_GUARANTEED': 127, 'INTERMEDIATE_NODE_MAY_VANISH': 650}
2026-10-06 11:33:03,509 INFO by evidence: {('EXPLICIT:CONDITIONAL_TEMPORAL', 'PRIMITIVE_EDGE'): 18, ('EXPLICIT:CONDITIONAL_ON_IDENTITY', 'PRIMITIVE_EDGE'): 1, ('EXPLICIT:HARD_TEMPORAL', 'PRIMITIVE_EDGE'): 15, ('EXPLICIT_AND_DATE:HARD_TEMPORAL', 'PRIMITIVE_EDGE'): 12, ('NONACTIVE:EVIDENCE_ONLY', 'REVIEW_REQUIRED'): 2, ('NONACTIVE:REVIEW_REQUIRED', 'REVIEW_REQUIRED'): 16, ('DATE_ONLY:CONDITIONAL_TEMPORAL', 'PRIMITIVE_EDGE'): 667, ('DATE_ONLY:HARD_TEMPORAL', 'PRIMITIVE_EDGE'): 238}
2026-10-06 11:33:03,509 INFO most frequent vanishing-intermediate blockers: [('E_EC0020', 460), ('E_EC0048', 70), ('E_EC0044', 49), ('E_EC0021', 22), ('E_EC0061', 20), ('E_EC0062', 9), ('J_HONG_17930613_THEFT', 8), ('J_HONG_17930613_JISE', 7), ('J_JEONGJO_17930613_THEFT', 4), ('E_EC0150', 1)]
2026-10-06 11:33:03,509 INFO witness worlds logically valid: 950/950; violated constraints: []
2026-10-06 11:33:03,509 INFO world-level reduction (참고): TW01:13→7 TW02:11→5 TW03:0→0 TW04:0→0 TW05:111→30 TW06:75→24 TW07:11→8 TW08:11→8 TW09:11→8 TW10:13→7
2026-10-06 11:33:03,509 INFO === case A_KIM_MYEONGSIN nodes=EC0096,EC0097,EC0003,EC0004,EC0005,EC0007,EC0036,EC0053
2026-10-06 11:33:03,509 INFO   TE0001 EC0004 -TEMPORAL_BEFORE-> EC0007 [CONDITIONAL_TEMPORAL] PRIMITIVE_EDGE EXPLICIT:RELATIVE_TIME_TEXT
2026-10-06 11:33:03,509 INFO   TE0002 EC0005 -TEMPORAL_BEFORE-> EC0007 [CONDITIONAL_TEMPORAL] PRIMITIVE_EDGE EXPLICIT:RELATIVE_TIME_TEXT
2026-10-06 11:33:03,509 INFO   TE0010 EC0096 -PROCEDURAL_TRIGGER_IF_EXPLICIT-> EC0097 [CONDITIONAL_ON_IDENTITY] PRIMITIVE_EDGE EXPLICIT:ORDER_EXECUTION_EXPLICIT
2026-10-06 11:33:03,509 INFO   TE0047 EC0003 -TEMPORAL_BEFORE-> EC0053 [EVIDENCE_ONLY] REVIEW_REQUIRED NONACTIVE:REFERENT_NOT_IN_OWN_SOURCE
2026-10-06 11:33:03,509 INFO   TE0048 EC0004 -TEMPORAL_BEFORE-> EC0053 [EVIDENCE_ONLY] REVIEW_REQUIRED NONACTIVE:REFERENT_NOT_IN_OWN_SOURCE
2026-10-06 11:33:03,510 INFO   TE0049 EC0003 -TEMPORAL_BEFORE-> EC0004 [REVIEW_REQUIRED] REVIEW_REQUIRED NONACTIVE:SERIAL_CONNECTIVE
2026-10-06 11:33:03,510 INFO   TE0050 EC0003 -TEMPORAL_BEFORE-> EC0005 [REVIEW_REQUIRED] REVIEW_REQUIRED NONACTIVE:SERIAL_CONNECTIVE
2026-10-06 11:33:03,510 INFO   (case 밖 node와의 date-only edge 78개: DERIVED 0, PRIMITIVE 78, 그중 naive-redundant 70)
2026-10-06 11:33:03,510 INFO === case B_THEFT_JUDGMENT_CHAIN nodes=J_LEEHYEONGWON_17930512_THEFT,J_JEONGJO_17930512_THEFT,J_IJOWON_17930527_THEFT,EC0048,EC0049,EC0063,EC0061,J_HONG_17930613_THEFT,J_JEONGJO_17930613_THEFT
2026-10-06 11:33:03,510 INFO   TE0015 EC0048 -PROCEDURAL_TRIGGER_IF_EXPLICIT-> EC0063 [CONDITIONAL_TEMPORAL] PRIMITIVE_EDGE EXPLICIT:ORDER_EXECUTION_EXPLICIT
2026-10-06 11:33:03,510 INFO   TE0016 EC0049 -PROCEDURAL_TRIGGER_IF_EXPLICIT-> EC0063 [CONDITIONAL_TEMPORAL] PRIMITIVE_EDGE EXPLICIT:ORDER_EXECUTION_EXPLICIT
2026-10-06 11:33:03,510 INFO   TE0017 EC0063 -PROCEDURAL_PRECEDES-> J_HONG_17930613_THEFT [CONDITIONAL_TEMPORAL] PRIMITIVE_EDGE EXPLICIT:PROCEDURAL_EXPLICIT
2026-10-06 11:33:03,510 INFO   TE0020 J_LEEHYEONGWON_17930512_THEFT -PROCEDURAL_PRECEDES-> J_JEONGJO_17930512_THEFT [HARD_TEMPORAL] PRIMITIVE_EDGE EXPLICIT:PROCEDURAL_EXPLICIT
2026-10-06 11:33:03,510 INFO   TE0026 EC0061 -TEMPORAL_BEFORE-> J_HONG_17930613_THEFT [HARD_TEMPORAL] PRIMITIVE_EDGE EXPLICIT_AND_DATE:COURT_ENTRY_DATE_ORDER|PROCEDURAL_EXPLICIT
2026-10-06 11:33:03,510 INFO   TE0027 EC0048 -PROCEDURAL_PRECEDES-> J_HONG_17930613_THEFT [HARD_TEMPORAL] PRIMITIVE_EDGE EXPLICIT_AND_DATE:COURT_ENTRY_DATE_ORDER|PROCEDURAL_EXPLICIT
2026-10-06 11:33:03,510 INFO   TE0028 EC0049 -PROCEDURAL_PRECEDES-> J_HONG_17930613_THEFT [HARD_TEMPORAL] PRIMITIVE_EDGE EXPLICIT_AND_DATE:COURT_ENTRY_DATE_ORDER|PROCEDURAL_EXPLICIT
2026-10-06 11:33:03,510 INFO   TE0029 J_HONG_17930613_THEFT -PROCEDURAL_PRECEDES-> J_JEONGJO_17930613_THEFT [HARD_TEMPORAL] PRIMITIVE_EDGE EXPLICIT:PROCEDURAL_EXPLICIT
2026-10-06 11:33:03,511 INFO   TE0044 J_JEONGJO_17930512_THEFT -PROCEDURAL_PRECEDES-> J_JEONGJO_17930613_THEFT [HARD_TEMPORAL] PRIMITIVE_EDGE EXPLICIT_AND_DATE:COURT_ENTRY_DATE_ORDER|JUDGMENT_REVISION
2026-10-06 11:33:03,511 INFO   TE0832 EC0048 -TEMPORAL_BEFORE-> EC0061 [HARD_TEMPORAL] PRIMITIVE_EDGE DATE_ONLY:COURT_ENTRY_DATE_ORDER
2026-10-06 11:33:03,511 INFO   TE0842 EC0048 -TEMPORAL_BEFORE-> J_JEONGJO_17930613_THEFT [HARD_TEMPORAL] PRIMITIVE_EDGE DATE_ONLY:COURT_ENTRY_DATE_ORDER naive-path=DN_EC0048 → DN_J_HONG_17930613_THEFT → DN_J_JEONGJO_17930613_THEFT [TE0027, TE0029] 보장 안 됨=J_HONG_17930613_THEFT
2026-10-06 11:33:03,511 INFO   TE0843 EC0049 -TEMPORAL_BEFORE-> EC0061 [HARD_TEMPORAL] PRIMITIVE_EDGE DATE_ONLY:COURT_ENTRY_DATE_ORDER
2026-10-06 11:33:03,511 INFO   TE0853 EC0049 -TEMPORAL_BEFORE-> J_JEONGJO_17930613_THEFT [HARD_TEMPORAL] PRIMITIVE_EDGE DATE_ONLY:COURT_ENTRY_DATE_ORDER naive-path=DN_EC0049 → DN_J_HONG_17930613_THEFT → DN_J_JEONGJO_17930613_THEFT [TE0028, TE0029] 보장 안 됨=J_HONG_17930613_THEFT
2026-10-06 11:33:03,511 INFO   TE0862 EC0061 -TEMPORAL_BEFORE-> J_JEONGJO_17930613_THEFT [HARD_TEMPORAL] PRIMITIVE_EDGE DATE_ONLY:COURT_ENTRY_DATE_ORDER naive-path=DN_EC0061 → DN_EC0062 → DN_J_JEONGJO_17930613_THEFT [TE0025, TE0874] 보장 안 됨=E_EC0062
2026-10-06 11:33:03,511 INFO   TE0929 J_IJOWON_17930527_THEFT -TEMPORAL_BEFORE-> EC0048 [HARD_TEMPORAL] PRIMITIVE_EDGE DATE_ONLY:COURT_ENTRY_DATE_ORDER
2026-10-06 11:33:03,511 INFO   TE0930 J_IJOWON_17930527_THEFT -TEMPORAL_BEFORE-> EC0049 [HARD_TEMPORAL] PRIMITIVE_EDGE DATE_ONLY:COURT_ENTRY_DATE_ORDER
2026-10-06 11:33:03,511 INFO   TE0931 J_IJOWON_17930527_THEFT -TEMPORAL_BEFORE-> EC0061 [HARD_TEMPORAL] PRIMITIVE_EDGE DATE_ONLY:COURT_ENTRY_DATE_ORDER naive-path=DN_J_IJOWON_17930527_THEFT → DN_EC0048 → DN_EC0061 [TE0929, TE0832] 보장 안 됨=E_EC0048
2026-10-06 11:33:03,511 INFO   TE0942 J_IJOWON_17930527_THEFT -TEMPORAL_BEFORE-> J_HONG_17930613_THEFT [HARD_TEMPORAL] PRIMITIVE_EDGE DATE_ONLY:COURT_ENTRY_DATE_ORDER naive-path=DN_J_IJOWON_17930527_THEFT → DN_EC0048 → DN_J_HONG_17930613_THEFT [TE0929, TE0027] 보장 안 됨=E_EC0048
2026-10-06 11:33:03,511 INFO   TE0945 J_IJOWON_17930527_THEFT -TEMPORAL_BEFORE-> J_JEONGJO_17930613_THEFT [HARD_TEMPORAL] PRIMITIVE_EDGE DATE_ONLY:COURT_ENTRY_DATE_ORDER naive-path=DN_J_IJOWON_17930527_THEFT → DN_EC0048 → DN_J_JEONGJO_17930613_THEFT [TE0929, TE0842] 보장 안 됨=E_EC0048
2026-10-06 11:33:03,511 INFO   TE0948 J_JEONGJO_17930512_THEFT -TEMPORAL_BEFORE-> EC0048 [HARD_TEMPORAL] PRIMITIVE_EDGE DATE_ONLY:COURT_ENTRY_DATE_ORDER naive-path=DN_J_JEONGJO_17930512_THEFT → DN_EC0044 → DN_EC0048 [TE0946, TE0798] 보장 안 됨=E_EC0044
2026-10-06 11:33:03,511 INFO   TE0949 J_JEONGJO_17930512_THEFT -TEMPORAL_BEFORE-> EC0049 [HARD_TEMPORAL] PRIMITIVE_EDGE DATE_ONLY:COURT_ENTRY_DATE_ORDER naive-path=DN_J_JEONGJO_17930512_THEFT → DN_EC0044 → DN_EC0049 [TE0946, TE0799] 보장 안 됨=E_EC0044
2026-10-06 11:33:03,511 INFO   TE0950 J_JEONGJO_17930512_THEFT -TEMPORAL_BEFORE-> EC0061 [HARD_TEMPORAL] PRIMITIVE_EDGE DATE_ONLY:COURT_ENTRY_DATE_ORDER naive-path=DN_J_JEONGJO_17930512_THEFT → DN_EC0044 → DN_EC0061 [TE0946, TE0800] 보장 안 됨=E_EC0044
2026-10-06 11:33:03,511 INFO   TE0961 J_JEONGJO_17930512_THEFT -TEMPORAL_BEFORE-> J_HONG_17930613_THEFT [HARD_TEMPORAL] PRIMITIVE_EDGE DATE_ONLY:COURT_ENTRY_DATE_ORDER naive-path=DN_J_JEONGJO_17930512_THEFT → DN_EC0044 → DN_J_HONG_17930613_THEFT [TE0946, TE0811] 보장 안 됨=E_EC0044
2026-10-06 11:33:03,512 INFO   TE0964 J_JEONGJO_17930512_THEFT -TEMPORAL_BEFORE-> J_IJOWON_17930527_THEFT [HARD_TEMPORAL] PRIMITIVE_EDGE DATE_ONLY:COURT_ENTRY_DATE_ORDER
2026-10-06 11:33:03,512 INFO   (case 밖 node와의 date-only edge 239개: DERIVED 0, PRIMITIVE 239, 그중 naive-redundant 215)
2026-10-06 11:33:03,512 INFO === case C_JAMIDEOK nodes=EC0089,EC0104,EC0103,EC0105,EC0106,EC0107,EC0111,EC0119,EC0120,EC0112,EC0113,EC0114
2026-10-06 11:33:03,512 INFO   TE0005 EC0103 -TEMPORAL_BEFORE-> EC0104 [CONDITIONAL_TEMPORAL] PRIMITIVE_EDGE EXPLICIT:RELATIVE_TIME_TEXT
2026-10-06 11:33:03,512 INFO   TE0006 EC0105 -TEMPORAL_BEFORE-> EC0106 [CONDITIONAL_TEMPORAL] PRIMITIVE_EDGE EXPLICIT:RELATIVE_TIME_TEXT
2026-10-06 11:33:03,512 INFO   TE0007 EC0106 -TEMPORAL_BEFORE-> EC0107 [CONDITIONAL_TEMPORAL] PRIMITIVE_EDGE EXPLICIT:RELATIVE_TIME_TEXT
2026-10-06 11:33:03,512 INFO   TE0009 EC0113 -TEMPORAL_DURING-> EC0112 [CONDITIONAL_TEMPORAL] PRIMITIVE_EDGE EXPLICIT:RELATIVE_TIME_TEXT
2026-10-06 11:33:03,512 INFO   TE0052 EC0119 -TEMPORAL_BEFORE-> EC0120 [REVIEW_REQUIRED] REVIEW_REQUIRED NONACTIVE:SERIAL_CONNECTIVE
2026-10-06 11:33:03,513 INFO   TE0056 EC0114 -TEMPORAL_BEFORE-> EC0113 [REVIEW_REQUIRED] REVIEW_REQUIRED NONACTIVE:SERIAL_CONNECTIVE
2026-10-06 11:33:03,513 INFO   (case 밖 node와의 date-only edge 41개: DERIVED 0, PRIMITIVE 41, 그중 naive-redundant 32)
2026-10-06 11:33:03,513 INFO validation: ERROR=0 WARNING=0
2026-10-06 11:33:03,513 INFO R00 PASS exit=3
2026-10-06 11:33:03,513 INFO R01 PASS edges=969 nodes=172
2026-10-06 11:33:03,513 INFO R02 PASS 
2026-10-06 11:33:03,513 INFO R03 PASS {'PRIMITIVE_EDGE': 951, 'REVIEW_REQUIRED': 18}
2026-10-06 11:33:03,513 INFO R04 PASS 
2026-10-06 11:33:03,513 INFO R05 PASS explicit kept=46
2026-10-06 11:33:03,513 INFO R06 PASS 
2026-10-06 11:33:03,513 INFO R07 PASS derived=0
2026-10-06 11:33:03,513 INFO R08 PASS 
2026-10-06 11:33:03,513 INFO R09 PASS evidence rows=991
2026-10-06 11:33:03,513 INFO R10 PASS witnessed=950/950
2026-10-06 11:33:03,513 INFO R11 PASS 0 (명시 edge도 모두 witness world에서 필요)
2026-10-06 11:33:03,514 INFO R12 PASS valid=950/950; unsolved=0; violated={}
2026-10-06 11:33:03,514 INFO T01 PASS logic=VALID temporal=VALID wnodes=11 reach_pairs=15 cycles=0 collapsed=2
2026-10-06 11:33:03,514 INFO T02 PASS logic=VALID temporal=VALID wnodes=11 reach_pairs=11 cycles=0 collapsed=2
2026-10-06 11:33:03,514 INFO T03 PASS logic=VALID temporal=VALID wnodes=1 reach_pairs=0 cycles=0 collapsed=1
2026-10-06 11:33:03,514 INFO T04 PASS logic=INVALID temporal=VALID wnodes=1 reach_pairs=0 cycles=0 collapsed=1
2026-10-06 11:33:03,514 INFO T05 PASS logic=VALID temporal=VALID wnodes=18 reach_pairs=132 cycles=0 collapsed=1
2026-10-06 11:33:03,514 INFO T06 PASS logic=VALID temporal=VALID wnodes=15 reach_pairs=93 cycles=0 collapsed=1
2026-10-06 11:33:03,514 INFO T07 PASS logic=VALID temporal=VALID wnodes=20 reach_pairs=13 cycles=0 collapsed=3
2026-10-06 11:33:03,514 INFO T08 PASS logic=VALID temporal=VALID wnodes=22 reach_pairs=13 cycles=0 collapsed=1
2026-10-06 11:33:03,514 INFO T09 PASS logic=INVALID temporal=VALID wnodes=21 reach_pairs=13 cycles=0 collapsed=2
2026-10-06 11:33:03,514 INFO T10 PASS logic=VALID temporal=INVALID wnodes=11 reach_pairs=15 cycles=0 collapsed=2
2026-10-06 11:33:03,514 INFO R13 PASS probe worlds=2011
2026-10-06 11:33:03,514 INFO R14 PASS all test/probe worlds identical
2026-10-06 11:33:03,514 INFO R15 PASS worlds with cycles: original=0, cycle-probe=116 (TW05_THEFT_TRUE:1scc/11nodes, TW06_THEFT_FALSE:1scc/11nodes, TW07_JAMIDEOK_ID_TRUE:1scc/3nodes, TW08_JAMIDEOK_ID_FALSE:1scc/3nodes, TW09_ID_FALSE_SAME_TRUE:1scc/3nodes, PW_ALL_TRUE:2scc/19nodes)
2026-10-06 11:33:03,514 INFO I01 PASS {'NO_ALTERNATIVE_PATH': 128, 'PATH_EDGE_CONDITION_NOT_GUARANTEED': 127, 'INTERMEDIATE_NODE_MAY_VANISH': 650}; naive-redundant=777
2026-10-06 11:33:03,514 INFO I02 PASS TW01:13→7 TW02:11→5 TW03:0→0 TW04:0→0 TW05:111→30 TW06:75→24 TW07:11→8 TW08:11→8 TW09:11→8 TW10:13→7
2026-10-06 11:33:03,514 INFO R16 PASS protected=26
2026-10-06 11:33:03,515 INFO R17 PASS preserved=40
2026-10-06 11:33:03,515 INFO R18 PASS files=4
2026-10-06 11:33:03,515 INFO R19 PASS {'temporal_edge_reduction_audit': 969, 'primitive_temporal_edges': 951, 'derived_temporal_edges': 0, 'temporal_edge_evidence': 991}
2026-10-06 11:33:03,515 INFO R20 PASS 
