2026-10-06 07:53:25,892 INFO world variables: 402 {'ATTESTATION_FACT': 155, 'EVENT_TRUTH': 155, 'IDENTITY': 21, 'CAUSAL_LEVEL': 1, 'INTERPRETATION': 8, 'OPEN_SET_MEMBERSHIP': 2, 'OCCURRENCE_IDENTITY': 18, 'REFERENT_IDENTITY': 7, 'TIME': 35}
2026-10-06 07:53:25,892 INFO hard: 73, conditional: 52, not-a-constraint: 44, annotation: 287
2026-10-06 07:53:25,892 INFO   ANNOTATION / COMPATIBILITY: 286
2026-10-06 07:53:25,892 INFO   ANNOTATION / SAME_CONSISTENCY: 1
2026-10-06 07:53:25,892 INFO   CONDITIONAL / CONDITIONAL_CONTRADICTION: 36
2026-10-06 07:53:25,892 INFO   CONDITIONAL / IMPLICATION: 9
2026-10-06 07:53:25,892 INFO   CONDITIONAL / TEMPORAL_ORDER: 7
2026-10-06 07:53:25,892 INFO   HARD_LOGICAL / ATTESTED_ACT_ANCHOR: 15
2026-10-06 07:53:25,893 INFO   HARD_LOGICAL / MUTUAL_EXCLUSION: 11
2026-10-06 07:53:25,893 INFO   HARD_LOGICAL / SAME_CONSISTENCY: 4
2026-10-06 07:53:25,893 INFO   HARD_LOGICAL / TEMPORAL_ANCHOR: 25
2026-10-06 07:53:25,893 INFO   HARD_LOGICAL / TRANSITIVITY: 18
2026-10-06 07:53:25,893 INFO   NOT_A_CONSTRAINT / MUTUAL_EXCLUSION: 42
2026-10-06 07:53:25,893 INFO   NOT_A_CONSTRAINT / TEMPORAL_ORDER: 2
2026-10-06 07:53:25,893 INFO mutual exclusion (hard 11 + conditional 36)
2026-10-06 07:53:25,893 INFO identity-dependent: 17
2026-10-06 07:53:25,893 INFO same-occurrence/referent-dependent: 35
2026-10-06 07:53:25,893 INFO temporal: 32
2026-10-06 07:53:25,893 INFO manual review: 57
2026-10-06 07:53:25,893 INFO validation: ERROR=0 WARNING=0
